[36mvite v6.4.1 [32mbuilding for production...[36m[39m
transforming...
[32mΓ£ô[39m 1854 modules transformed.
rendering chunks...
computing gzip size...
[2mdist/[22m[32mregisterSW.js                       [39m[1m[2m  0.13 kB[22m[1m[22m
[2mdist/[22m[32mmanifest.webmanifest                [39m[1m[2m  0.40 kB[22m[1m[22m
[2mdist/[22m[32massets/ffmpeg.worker-CZa3UjH7.js    [39m[1m[2m  0.99 kB[22m[1m[22m
[2mdist/[22m[32mindex.html                          [39m[1m[2m  1.20 kB[22m[1m[22m[2m Γöé gzip:   0.62 kB[22m
[2mdist/[22m[32massets/index-2s2JVvo1.js            [39m[1m[2m  1.88 kB[22m[1m[22m
[2mdist/[22m[32massets/worker-DYSz7Krg.js           [39m[1m[2m  2.51 kB[22m[1m[22m
[2mdist/[22m[32massets/index-DecPyonq.js            [39m[1m[2m  4.14 kB[22m[1m[22m
[2mdist/[22m[35massets/index-DUE_CfqZ.css           [39m[1m[2m 28.36 kB[22m[1m[22m[2m Γöé gzip:   5.76 kB[22m
[2mdist/[22m[36massets/purify.es-B9ZVCkUG.js        [39m[1m[2m 22.64 kB[22m[1m[22m[2m Γöé gzip:   8.75 kB[22m
[2mdist/[22m[36massets/index.es-CRRthrlj.js         [39m[1m[2m159.38 kB[22m[1m[22m[2m Γöé gzip:  53.43 kB[22m
[2mdist/[22m[36massets/html2canvas.esm-QH1iLAAe.js  [39m[1m[2m202.38 kB[22m[1m[22m[2m Γöé gzip:  48.04 kB[22m
[2mdist/[22m[36massets/index-N4pJ90MP.js            [39m[1m[33m815.54 kB[39m[22m[2m Γöé gzip: 262.44 kB[22m
node.exe : [33m
At line:1 char:1
+ & "C:\Program Files\
nodejs/node.exe" 
"C:\Program 
Files\nodejs/node_mo 
...
+ ~~~~~~~~~~~~~~~~~~~~
~~~~~~~~~~~~~~~~~~~~~~
~~~~~~~~~~~~~~~~~~~~~~
~~~~~
    + CategoryInfo    
          : NotSpeci  
  fied: ([33m:Stri   
 ng) [], RemoteExc    
eption
    + FullyQualifiedE 
   rrorId : NativeCo  
  mmandError
 
(!) Some chunks are 
larger than 500 kB 
after minification. 
Consider:
- Using dynamic 
import() to 
code-split the 
application
- Use build.rollupOpti
ons.output.manualChunk
s to improve 
chunking: https://roll
upjs.org/configuration
-options/#output-manua
lchunks
- Adjust chunk size 
limit for this 
warning via build.chun
kSizeWarningLimit.[39
m
[32mΓ£ô built in 7.13s[39m

PWA v0.21.2
mode      generateSW
precache  13 entries (1210.10 KiB)
files generated
  dist/sw.js
  dist/workbox-66610c77.js
